No matrix with the given index
Unrecognized command
Unrecognized command
Cannot perform matrix multiplication
Cannot perform matrix multiplication
Cannot perform matrix multiplication
Cannot perform matrix multiplication
Cannot perform matrix multiplication
Cannot perform matrix multiplication
Cannot perform matrix multiplication
Cannot perform matrix multiplication
Cannot perform matrix multiplication
Cannot perform matrix multiplication
Cannot perform matrix multiplication
Cannot perform matrix multiplication
Cannot perform matrix multiplication
Cannot perform matrix multiplication
Cannot perform matrix multiplication
Cannot perform matrix multiplication
Cannot perform matrix multiplication
Cannot perform matrix multiplication
Cannot perform matrix multiplication
Cannot perform matrix multiplication
Cannot perform matrix multiplication
Cannot perform matrix multiplication
Cannot perform matrix multiplication
Cannot perform matrix multiplication
Cannot perform matrix multiplication
Cannot perform matrix multiplication
Cannot perform matrix multiplication
Cannot perform matrix multiplication
Cannot perform matrix multiplication
Cannot perform matrix multiplication
Cannot perform matrix multiplication
Cannot perform matrix multiplication
Cannot perform matrix multiplication
Cannot perform matrix multiplication
Cannot perform matrix multiplication
Cannot perform matrix multiplication
Cannot perform matrix multiplication
Cannot perform matrix multiplication
Cannot perform matrix multiplication
Cannot perform matrix multiplication
Cannot perform matrix multiplication
Cannot perform matrix multiplication
Cannot perform matrix multiplication
Cannot perform matrix multiplication
Cannot perform matrix multiplication
Cannot perform matrix multiplication
Cannot perform matrix multiplication
Cannot perform matrix multiplication
Cannot perform matrix multiplication
Cannot perform matrix multiplication
Cannot perform matrix multiplication
Cannot perform matrix multiplication
Cannot perform matrix multiplication
Cannot perform matrix multiplication
Cannot perform matrix multiplication
Cannot perform matrix multiplication
Cannot perform matrix multiplication
Cannot perform matrix multiplication
Cannot perform matrix multiplication
Cannot perform matrix multiplication
Cannot perform matrix multiplication
Cannot perform matrix multiplication
Cannot perform matrix multiplication
Cannot perform matrix multiplication
Cannot perform matrix multiplication
Cannot perform matrix multiplication
Cannot perform matrix multiplication
Cannot perform matrix multiplication
Cannot perform matrix multiplication
Cannot perform matrix multiplication
Cannot perform matrix multiplication
Cannot perform matrix multiplication
Cannot perform matrix multiplication
Cannot perform matrix multiplication
Cannot perform matrix multiplication
Cannot perform matrix multiplication
Cannot perform matrix multiplication
Cannot perform matrix multiplication
Cannot perform matrix multiplication
Cannot perform matrix multiplication
Cannot perform matrix multiplication
Cannot perform matrix multiplication
Cannot perform matrix multiplication
Cannot perform matrix multiplication
Cannot perform matrix multiplication
Cannot perform matrix multiplication
Cannot perform matrix multiplication
Cannot perform matrix multiplication
Cannot perform matrix multiplication
Cannot perform matrix multiplication
Cannot perform matrix multiplication
Cannot perform matrix multiplication
Cannot perform matrix multiplication
Cannot perform matrix multiplication
Cannot perform matrix multiplication
Cannot perform matrix multiplication
Cannot perform matrix multiplication
Cannot perform matrix multiplication
Cannot perform matrix multiplication
Cannot perform matrix multiplication
Cannot perform matrix multiplication
Cannot perform matrix multiplication
Cannot perform matrix multiplication
Cannot perform matrix multiplication
Cannot perform matrix multiplication
Cannot perform matrix multiplication
Cannot perform matrix multiplication
Cannot perform matrix multiplication
Cannot perform matrix multiplication
Cannot perform matrix multiplication
Cannot perform matrix multiplication
Cannot perform matrix multiplication
Cannot perform matrix multiplication
Cannot perform matrix multiplication
Cannot perform matrix multiplication
Cannot perform matrix multiplication
Cannot perform matrix multiplication
Cannot perform matrix multiplication
Cannot perform matrix multiplication
Cannot perform matrix multiplication
Cannot perform matrix multiplication
Cannot perform matrix multiplication
Cannot perform matrix multiplication
Cannot perform matrix multiplication
Cannot perform matrix multiplication
Cannot perform matrix multiplication
Cannot perform matrix multiplication
Cannot perform matrix multiplication
Cannot perform matrix multiplication
Cannot perform matrix multiplication
Cannot perform matrix multiplication
Cannot perform matrix multiplication
Cannot perform matrix multiplication
Cannot perform matrix multiplication
Cannot perform matrix multiplication
Cannot perform matrix multiplication
Cannot perform matrix multiplication
Cannot perform matrix multiplication
Cannot perform matrix multiplication
Cannot perform matrix multiplication
Cannot perform matrix multiplication
Cannot perform matrix multiplication
Cannot perform matrix multiplication
Cannot perform matrix multiplication
Cannot perform matrix multiplication
Cannot perform matrix multiplication
Cannot perform matrix multiplication
Cannot perform matrix multiplication
Cannot perform matrix multiplication
Cannot perform matrix multiplication
Cannot perform matrix multiplication
Cannot perform matrix multiplication
Cannot perform matrix multiplication
Cannot perform matrix multiplication
Cannot perform matrix multiplication
Cannot perform matrix multiplication
Cannot perform matrix multiplication
Cannot perform matrix multiplication
Cannot perform matrix multiplication
Cannot perform matrix multiplication
Cannot perform matrix multiplication
Cannot perform matrix multiplication
Cannot perform matrix multiplication
Cannot perform matrix multiplication
Cannot perform matrix multiplication
Cannot perform matrix multiplication
Cannot perform matrix multiplication
Cannot perform matrix multiplication
Cannot perform matrix multiplication
Cannot perform matrix multiplication
Cannot perform matrix multiplication
Cannot perform matrix multiplication
Cannot perform matrix multiplication
Cannot perform matrix multiplication
Cannot perform matrix multiplication
Cannot perform matrix multiplication
Cannot perform matrix multiplication
Cannot perform matrix multiplication
Cannot perform matrix multiplication
Cannot perform matrix multiplication
Cannot perform matrix multiplication
Cannot perform matrix multiplication
Cannot perform matrix multiplication
Cannot perform matrix multiplication
Cannot perform matrix multiplication
Cannot perform matrix multiplication
Cannot perform matrix multiplication
Cannot perform matrix multiplication
Cannot perform matrix multiplication
221 8023 6514 3127 1205 3430 9547 8673 4741 5561 3746 
3559 2585 2139 3807 8169 5141 609 1563 9331 2174 4886 
1059 8438 1778 7952 2486 9882 4681 768 4387 5221 8434 
8685 9704 3252 1401 389 1801 8452 9649 6448 6020 8439 655 1573 
2817 6390 814 4670 8306 4889 8817 5963 7639 7273 6594 8671 5412 
5424 9100 6001 8481 4176 6663 6968 9541 4651 9898 125 2378 5177 
1467 397 7204 9734 8734 9778 8121 231 2251 5480 228 4363 9411 
536 3568 1788 9181 2620 118 166 705 7131 4530 7715 6308 296 
2392 7498 8683 4065 5262 2008 8664 8686 2423 6726 7257 2439 4418 
2519 1686 1604 2552 7507 5556 9638 948 530 2349 4953 2930 2640 
3003 2531 3094 3615 5267 35 9596 78 9785 2076 1329 3253 3960 
3996 4046 9257 609 9180 3348 5144 669 6040 2193 9050 162 6835 
7643 5854 7885 7716 6231 9444 195 3933 5434 6303 3898 7689 9845 
5909 8415 463 6763 9367 596 9402 3610 1991 9606 9945 7300 3939 
3432 5861 6467 5660 7207 7021 3070 5043 9215 8167 1822 9042 6066 
1081 9582 1905 6515 5231 1835 8825 7363 4817 1590 2386 8379 2319 
8303 4315 7264 4783 9650 5147 894 3790 5198 3538 3527 2315 7860 
7989 7933 4774 7154 3267 7738 4952 4541 4137 851 8796 4026 2765 
1947 9626 4593 751 6476 4519 4595 3022 7906 2828 7125 6335 803 
5492 6512 9762 6074 1296 2035 7838 1026 9112 2708 9822 1357 3500 
7127 1604 5688 9035 7800 8099 581 9301 2360 7739 2598 7323 9766 1543 7702 9757 
1478 7810 8738 3291 4452 4580 3593 3492 4531 1155 807 4743 5585 939 4557 5303 
8380 4913 2478 1255 1947 1536 5326 3563 7414 8648 6974 1338 9915 4090 7704 5230 
621 3301 2600 1721 109 2378 1642 9096 4646 8056 3489 4703 9880 5460 5260 82 
6359 2656 9523 
8049 7817 4026 
8471 2470 5594 
2239 5267 2768 
4 7
